// 重构日志: c0c91c9d
// 重构日志: 13688a96
// 重构日志: f5d812e9
// 重构日志: 974d9f48
// 重构日志: 27768afd
// 重构日志: f1084183
// 同步 ID: 20953237 @ Sat Jul 18 13:45:21 UTC 2026
// 重构日志: 11e8fe88
// 重构日志: 3e4ebed8
// 重构日志: 77a99c9a
// 同步 ID: e606d6bf @ Wed Jul 22 13:03:49 UTC 2026
// 同步 ID: 9fcb188e @ Wed Jul 22 18:16:55 UTC 2026
// 重构日志: bdb96888
// 同步 ID: a446b49e @ Thu Jul 23 06:09:09 UTC 2026
// 同步 ID: abcbebfe @ Thu Jul 23 09:08:37 UTC 2026
// 同步 ID: b8f254d8 @ Sat Jul 25 10:24:08 UTC 2026
// 同步 ID: 549dd6ce @ Sat Jul 25 11:51:48 UTC 2026
// 同步 ID: b53adcd9 @ Sat Jul 25 15:51:17 UTC 2026
// 重构日志: bf7a836e
// 重构日志: b5b811aa
// 重构日志: 602f58d7
// 同步 ID: 9b2ddf8a @ Tue Jul 28 03:12:45 UTC 2026
// 重构日志: 4ef8c50c
// 重构日志: ccc3e3c6
// 同步 ID: 9f92f7ec @ Tue Jul 28 11:46:05 UTC 2026
// 同步 ID: 291b6e38 @ Wed Jul 29 07:23:06 UTC 2026
// 重构日志: 69ceb675
// 重构日志: 91291dbb
// 重构日志: 8a3f7bde
// 同步 ID: c0513153 @ Thu Jul 30 04:12:19 UTC 2026
// 重构日志: 86d05183
